mode: set
github.com/jenova-marie/caddy-spire-svid/test/mocks/spire_mock_client.go:28.91,31.16 2 1
github.com/jenova-marie/caddy-spire-svid/test/mocks/spire_mock_client.go:31.16,33.3 1 0
github.com/jenova-marie/caddy-spire-svid/test/mocks/spire_mock_client.go:36.2,37.78 1 1
github.com/jenova-marie/caddy-spire-svid/test/mocks/spire_mock_client.go:37.78,43.4 1 1
github.com/jenova-marie/caddy-spire-svid/test/mocks/spire_mock_client.go:46.2,52.8 1 1
github.com/jenova-marie/caddy-spire-svid/test/mocks/spire_mock_client.go:56.49,58.2 1 1
github.com/jenova-marie/caddy-spire-svid/test/mocks/spire_mock_client.go:61.63,63.2 1 1
github.com/jenova-marie/caddy-spire-svid/test/mocks/spire_mock_client.go:66.36,69.2 2 1
github.com/jenova-marie/caddy-spire-svid/test/mocks/spire_mock_client.go:72.38,74.2 1 1
github.com/jenova-marie/caddy-spire-svid/test/mocks/spire_mock_client.go:77.45,79.2 1 1
github.com/jenova-marie/caddy-spire-svid/test/mocks/spire_mock_client.go:82.57,84.2 1 1
github.com/jenova-marie/caddy-spire-svid/test/mocks/spire_mock_client.go:87.47,90.16 2 1
github.com/jenova-marie/caddy-spire-svid/test/mocks/spire_mock_client.go:90.16,92.3 1 0
github.com/jenova-marie/caddy-spire-svid/test/mocks/spire_mock_client.go:95.2,113.16 5 1
github.com/jenova-marie/caddy-spire-svid/test/mocks/spire_mock_client.go:113.16,115.3 1 0
github.com/jenova-marie/caddy-spire-svid/test/mocks/spire_mock_client.go:117.2,118.16 2 1
github.com/jenova-marie/caddy-spire-svid/test/mocks/spire_mock_client.go:118.16,120.3 1 0
github.com/jenova-marie/caddy-spire-svid/test/mocks/spire_mock_client.go:123.2,127.8 1 1
github.com/jenova-marie/caddy-spire-svid/pkg/spire/client.go:40.48,41.29 1 0
github.com/jenova-marie/caddy-spire-svid/pkg/spire/client.go:41.29,43.3 1 0
github.com/jenova-marie/caddy-spire-svid/pkg/spire/client.go:46.2,46.32 1 0
github.com/jenova-marie/caddy-spire-svid/pkg/spire/client.go:46.32,48.3 1 0
github.com/jenova-marie/caddy-spire-svid/pkg/spire/client.go:52.2,52.65 1 0
github.com/jenova-marie/caddy-spire-svid/pkg/spire/client.go:52.65,54.3 1 0
github.com/jenova-marie/caddy-spire-svid/pkg/spire/client.go:55.2,55.65 1 0
github.com/jenova-marie/caddy-spire-svid/pkg/spire/client.go:55.65,57.3 1 0
github.com/jenova-marie/caddy-spire-svid/pkg/spire/client.go:59.2,63.16 3 0
github.com/jenova-marie/caddy-spire-svid/pkg/spire/client.go:63.16,66.3 2 0
github.com/jenova-marie/caddy-spire-svid/pkg/spire/client.go:68.2,83.16 6 0
github.com/jenova-marie/caddy-spire-svid/pkg/spire/client.go:83.16,87.3 3 0
github.com/jenova-marie/caddy-spire-svid/pkg/spire/client.go:90.2,90.32 1 0
github.com/jenova-marie/caddy-spire-svid/pkg/spire/client.go:90.32,97.3 6 0
github.com/jenova-marie/caddy-spire-svid/pkg/spire/client.go:100.2,100.33 1 0
github.com/jenova-marie/caddy-spire-svid/pkg/spire/client.go:100.33,102.3 1 0
github.com/jenova-marie/caddy-spire-svid/pkg/spire/client.go:102.8,104.3 1 0
github.com/jenova-marie/caddy-spire-svid/pkg/spire/client.go:106.2,106.25 1 0
github.com/jenova-marie/caddy-spire-svid/pkg/spire/client.go:110.45,112.2 1 0
github.com/jenova-marie/caddy-spire-svid/pkg/spire/client.go:115.32,117.28 2 0
github.com/jenova-marie/caddy-spire-svid/pkg/spire/client.go:117.28,119.3 1 0
github.com/jenova-marie/caddy-spire-svid/pkg/spire/client.go:120.2,120.25 1 0
github.com/jenova-marie/caddy-spire-svid/pkg/spire/client.go:124.54,128.6 3 0
github.com/jenova-marie/caddy-spire-svid/pkg/spire/client.go:128.6,129.10 1 0
github.com/jenova-marie/caddy-spire-svid/pkg/spire/client.go:130.23,131.10 1 0
github.com/jenova-marie/caddy-spire-svid/pkg/spire/client.go:132.28,139.18 4 0
github.com/jenova-marie/caddy-spire-svid/pkg/spire/client.go:139.18,141.5 1 0
github.com/jenova-marie/caddy-spire-svid/pkg/spire/client.go:141.10,141.41 1 0
github.com/jenova-marie/caddy-spire-svid/pkg/spire/client.go:141.41,143.5 1 0
github.com/jenova-marie/caddy-spire-svid/pkg/spire/client.go:150.53,153.6 2 0
github.com/jenova-marie/caddy-spire-svid/pkg/spire/client.go:153.6,154.10 1 0
github.com/jenova-marie/caddy-spire-svid/pkg/spire/client.go:155.23,156.10 1 0
github.com/jenova-marie/caddy-spire-svid/pkg/spire/client.go:157.11,163.18 4 0
github.com/jenova-marie/caddy-spire-svid/pkg/spire/client.go:163.18,167.13 3 0
github.com/jenova-marie/caddy-spire-svid/pkg/spire/client.go:170.4,170.35 1 0
github.com/jenova-marie/caddy-spire-svid/pkg/spire/client.go:170.35,173.13 3 0
github.com/jenova-marie/caddy-spire-svid/pkg/spire/client.go:176.4,183.35 5 0
github.com/jenova-marie/caddy-spire-svid/pkg/spire/client.go:183.35,190.19 5 0
github.com/jenova-marie/caddy-spire-svid/pkg/spire/client.go:190.19,192.6 1 0
github.com/jenova-marie/caddy-spire-svid/pkg/spire/client.go:192.11,194.6 1 0
github.com/jenova-marie/caddy-spire-svid/pkg/spire/client.go:196.5,196.13 1 0
github.com/jenova-marie/caddy-spire-svid/pkg/spire/client.go:200.4,205.11 3 0
github.com/jenova-marie/caddy-spire-svid/pkg/spire/client.go:206.24,207.11 1 0
github.com/jenova-marie/caddy-spire-svid/pkg/spire/client.go:208.37,208.37 0 0
github.com/jenova-marie/caddy-spire-svid/pkg/spire/client.go:216.82,224.12 2 0
github.com/jenova-marie/caddy-spire-svid/pkg/spire/client.go:224.12,230.3 2 0
github.com/jenova-marie/caddy-spire-svid/pkg/spire/client.go:233.2,233.9 1 0
github.com/jenova-marie/caddy-spire-svid/pkg/spire/client.go:234.30,235.24 1 0
github.com/jenova-marie/caddy-spire-svid/pkg/spire/client.go:235.24,237.4 1 0
github.com/jenova-marie/caddy-spire-svid/pkg/spire/client.go:238.3,238.63 1 0
github.com/jenova-marie/caddy-spire-svid/pkg/spire/client.go:238.63,240.4 1 0
github.com/jenova-marie/caddy-spire-svid/pkg/spire/client.go:241.3,241.26 1 0
github.com/jenova-marie/caddy-spire-svid/pkg/spire/client.go:242.20,243.139 1 0
github.com/jenova-marie/caddy-spire-svid/pkg/spire/client.go:248.59,250.2 1 0
